Copyright 1986-2022 Xilinx, Inc. All Rights Reserved. Copyright 2022-2023 Advanced Micro Devices, Inc. All Rights Reserved.
---------------------------------------------------------------------------------------------------------------------------------------------------------------------------------
| Tool Version : Vivado v.2023.2 (lin64) Build 4029153 Fri Oct 13 20:13:54 MDT 2023
| Date         : Tue Sep  1 19:04:24 2026
| Host         : cdac running 64-bit Ubuntu 20.04.6 LTS
| Command      : report_accelerator_utilization -kernels { stim_frame_sampler:level0_i/ulp/sampler_1/inst:sampler_1} -file kernel_util_routed.rpt -name kernel_util_routed -json
| Design       : level0_wrapper
| Device       : xcu55c
| Design State : Fully Placed
---------------------------------------------------------------------------------------------------------------------------------------------------------------------------------

Accelerator Utilization Design Information

Table of Contents
-----------------
1. System Utilization

1. System Utilization
---------------------

+---------------------+-------------------+------------------+-------------------+----------------+---------------+----------------+
| Name                | LUT               | LUTAsMem         | REG               | BRAM           | URAM          | DSP            |
+---------------------+-------------------+------------------+-------------------+----------------+---------------+----------------+
| Platform            |  121929 [  9.35%] |   8742 [  1.45%] |  165562 [  6.35%] |  198 [  9.82%] |   0 [  0.00%] |    4 [  0.04%] |
| User Budget         | 1181751 [100.00%] | 592218 [100.00%] | 2441798 [100.00%] | 1818 [100.00%] | 960 [100.00%] | 9020 [100.00%] |
|    Used Resources   |   82553 [  6.99%] |    837 [  0.14%] |   81289 [  3.33%] |   21 [  1.16%] |   0 [  0.00%] |  708 [  7.85%] |
|    Unused Resources | 1099198 [ 93.01%] | 591381 [ 99.86%] | 2360509 [ 96.67%] | 1797 [ 98.84%] | 960 [100.00%] | 8312 [ 92.15%] |
| stim_frame_sampler  |   82553 [  6.99%] |    837 [  0.14%] |   81289 [  3.33%] |   21 [  1.16%] |   0 [  0.00%] |  708 [  7.85%] |
|    sampler_1        |   82553 [  6.99%] |    837 [  0.14%] |   81289 [  3.33%] |   21 [  1.16%] |   0 [  0.00%] |  708 [  7.85%] |
+---------------------+-------------------+------------------+-------------------+----------------+---------------+----------------+


